mode: set
github.com/mytheresa/go-hiring-challenge/app/api/handler/http/response.go:19.50,24.55 4 1
github.com/mytheresa/go-hiring-challenge/app/api/handler/http/response.go:24.55,27.3 2 1
github.com/mytheresa/go-hiring-challenge/app/api/handler/http/response.go:31.71,39.55 4 1
github.com/mytheresa/go-hiring-challenge/app/api/handler/http/response.go:39.55,42.3 2 0
github.com/mytheresa/go-hiring-challenge/app/api/handler/http/response.go:45.67,51.2 1 1
github.com/mytheresa/go-hiring-challenge/app/models/categories.go:11.39,13.2 1 1
github.com/mytheresa/go-hiring-challenge/app/models/products.go:18.38,20.2 1 1
github.com/mytheresa/go-hiring-challenge/app/models/variants.go:18.38,20.2 1 1
github.com/mytheresa/go-hiring-challenge/app/api/handler/http/category/category.go:28.93,33.2 1 1
github.com/mytheresa/go-hiring-challenge/app/api/handler/http/category/category.go:44.82,48.16 3 1
github.com/mytheresa/go-hiring-challenge/app/api/handler/http/category/category.go:48.16,52.3 3 1
github.com/mytheresa/go-hiring-challenge/app/api/handler/http/category/category.go:54.2,55.24 2 1
github.com/mytheresa/go-hiring-challenge/app/api/handler/http/category/category.go:55.24,61.3 1 1
github.com/mytheresa/go-hiring-challenge/app/api/handler/http/category/category.go:63.2,63.40 1 1
github.com/mytheresa/go-hiring-challenge/app/api/handler/http/category/category.go:77.82,81.61 3 1
github.com/mytheresa/go-hiring-challenge/app/api/handler/http/category/category.go:81.61,85.3 3 1
github.com/mytheresa/go-hiring-challenge/app/api/handler/http/category/category.go:87.2,87.38 1 1
github.com/mytheresa/go-hiring-challenge/app/api/handler/http/category/category.go:87.38,90.3 2 1
github.com/mytheresa/go-hiring-challenge/app/api/handler/http/category/category.go:92.2,98.16 3 1
github.com/mytheresa/go-hiring-challenge/app/api/handler/http/category/category.go:98.16,102.3 3 1
github.com/mytheresa/go-hiring-challenge/app/api/handler/http/category/category.go:104.2,110.38 2 1
github.com/mytheresa/go-hiring-challenge/app/api/handler/http/catalog/catalog.go:40.89,45.2 1 1
github.com/mytheresa/go-hiring-challenge/app/api/handler/http/catalog/catalog.go:58.79,70.16 6 1
github.com/mytheresa/go-hiring-challenge/app/api/handler/http/catalog/catalog.go:70.16,74.3 3 1
github.com/mytheresa/go-hiring-challenge/app/api/handler/http/catalog/catalog.go:76.2,77.24 2 1
github.com/mytheresa/go-hiring-challenge/app/api/handler/http/catalog/catalog.go:77.24,83.3 1 1
github.com/mytheresa/go-hiring-challenge/app/api/handler/http/catalog/catalog.go:85.2,90.38 2 1
github.com/mytheresa/go-hiring-challenge/app/api/handler/http/catalog/catalog.go:105.77,109.16 3 1
github.com/mytheresa/go-hiring-challenge/app/api/handler/http/catalog/catalog.go:109.16,112.3 2 1
github.com/mytheresa/go-hiring-challenge/app/api/handler/http/catalog/catalog.go:114.2,115.16 2 1
github.com/mytheresa/go-hiring-challenge/app/api/handler/http/catalog/catalog.go:115.16,119.3 3 1
github.com/mytheresa/go-hiring-challenge/app/api/handler/http/catalog/catalog.go:121.2,121.16 1 1
github.com/mytheresa/go-hiring-challenge/app/api/handler/http/catalog/catalog.go:121.16,124.3 2 1
github.com/mytheresa/go-hiring-challenge/app/api/handler/http/catalog/catalog.go:126.2,135.38 2 1
github.com/mytheresa/go-hiring-challenge/app/api/handler/http/catalog/catalog.go:138.83,145.20 5 1
github.com/mytheresa/go-hiring-challenge/app/api/handler/http/catalog/catalog.go:145.20,146.51 1 1
github.com/mytheresa/go-hiring-challenge/app/api/handler/http/catalog/catalog.go:146.51,147.13 1 1
github.com/mytheresa/go-hiring-challenge/app/api/handler/http/catalog/catalog.go:147.13,149.5 1 0
github.com/mytheresa/go-hiring-challenge/app/api/handler/http/catalog/catalog.go:149.10,149.22 1 1
github.com/mytheresa/go-hiring-challenge/app/api/handler/http/catalog/catalog.go:149.22,151.5 1 0
github.com/mytheresa/go-hiring-challenge/app/api/handler/http/catalog/catalog.go:151.10,153.5 1 1
github.com/mytheresa/go-hiring-challenge/app/api/handler/http/catalog/catalog.go:157.2,157.21 1 1
github.com/mytheresa/go-hiring-challenge/app/api/handler/http/catalog/catalog.go:157.21,158.52 1 1
github.com/mytheresa/go-hiring-challenge/app/api/handler/http/catalog/catalog.go:158.52,159.14 1 1
github.com/mytheresa/go-hiring-challenge/app/api/handler/http/catalog/catalog.go:159.14,161.5 1 1
github.com/mytheresa/go-hiring-challenge/app/api/handler/http/catalog/catalog.go:165.2,168.3 1 1
github.com/mytheresa/go-hiring-challenge/app/api/handler/http/catalog/catalog.go:171.76,174.71 2 1
github.com/mytheresa/go-hiring-challenge/app/api/handler/http/catalog/catalog.go:174.71,176.3 1 1
github.com/mytheresa/go-hiring-challenge/app/api/handler/http/catalog/catalog.go:178.2,178.70 1 1
github.com/mytheresa/go-hiring-challenge/app/api/handler/http/catalog/catalog.go:178.70,179.86 1 1
github.com/mytheresa/go-hiring-challenge/app/api/handler/http/catalog/catalog.go:179.86,181.4 1 1
github.com/mytheresa/go-hiring-challenge/app/api/handler/http/catalog/catalog.go:184.2,184.16 1 1
github.com/mytheresa/go-hiring-challenge/app/repository/categories_repository.go:16.102,21.2 1 1
github.com/mytheresa/go-hiring-challenge/app/repository/categories_repository.go:25.97,29.16 3 1
github.com/mytheresa/go-hiring-challenge/app/repository/categories_repository.go:29.16,32.3 2 1
github.com/mytheresa/go-hiring-challenge/app/repository/categories_repository.go:34.2,34.24 1 1
github.com/mytheresa/go-hiring-challenge/app/repository/categories_repository.go:37.121,41.16 3 1
github.com/mytheresa/go-hiring-challenge/app/repository/categories_repository.go:41.16,44.3 2 1
github.com/mytheresa/go-hiring-challenge/app/repository/categories_repository.go:46.2,46.29 1 1
github.com/mytheresa/go-hiring-challenge/app/repository/products_repository.go:17.97,22.2 1 1
github.com/mytheresa/go-hiring-challenge/app/repository/products_repository.go:26.125,30.16 3 1
github.com/mytheresa/go-hiring-challenge/app/repository/products_repository.go:30.16,33.3 2 1
github.com/mytheresa/go-hiring-challenge/app/repository/products_repository.go:35.2,35.22 1 1
github.com/mytheresa/go-hiring-challenge/app/repository/products_repository.go:38.100,42.16 3 1
github.com/mytheresa/go-hiring-challenge/app/repository/products_repository.go:42.16,45.3 2 1
github.com/mytheresa/go-hiring-challenge/app/repository/products_repository.go:47.2,47.21 1 1
github.com/mytheresa/go-hiring-challenge/app/api/handler/http/middleware/logging_middleware.go:10.83,11.46 1 0
github.com/mytheresa/go-hiring-challenge/app/api/handler/http/middleware/logging_middleware.go:11.46,12.72 1 0
github.com/mytheresa/go-hiring-challenge/app/api/handler/http/middleware/logging_middleware.go:12.72,31.4 5 0
github.com/mytheresa/go-hiring-challenge/app/api/handler/http/middleware/logging_middleware.go:40.57,43.2 2 0
github.com/mytheresa/go-hiring-challenge/app/database/categories.go:12.76,18.16 4 0
github.com/mytheresa/go-hiring-challenge/app/database/categories.go:18.16,21.3 2 0
github.com/mytheresa/go-hiring-challenge/app/database/categories.go:23.2,23.24 1 0
github.com/mytheresa/go-hiring-challenge/app/database/categories.go:26.104,30.16 3 0
github.com/mytheresa/go-hiring-challenge/app/database/categories.go:30.16,33.3 2 0
github.com/mytheresa/go-hiring-challenge/app/database/categories.go:35.2,35.22 1 0
github.com/mytheresa/go-hiring-challenge/app/database/pg.go:17.103,21.16 3 0
github.com/mytheresa/go-hiring-challenge/app/database/pg.go:21.16,23.3 1 0
github.com/mytheresa/go-hiring-challenge/app/database/pg.go:25.2,26.16 2 0
github.com/mytheresa/go-hiring-challenge/app/database/pg.go:26.16,28.3 1 0
github.com/mytheresa/go-hiring-challenge/app/database/pg.go:30.2,33.16 1 0
github.com/mytheresa/go-hiring-challenge/app/database/products.go:15.108,21.88 4 0
github.com/mytheresa/go-hiring-challenge/app/database/products.go:21.88,23.3 1 0
github.com/mytheresa/go-hiring-challenge/app/database/products.go:25.2,26.16 2 0
github.com/mytheresa/go-hiring-challenge/app/database/products.go:26.16,29.3 2 0
github.com/mytheresa/go-hiring-challenge/app/database/products.go:31.2,36.37 1 0
github.com/mytheresa/go-hiring-challenge/app/database/products.go:36.37,39.3 2 0
github.com/mytheresa/go-hiring-challenge/app/database/products.go:41.2,41.22 1 0
github.com/mytheresa/go-hiring-challenge/app/database/products.go:44.91,53.16 4 0
github.com/mytheresa/go-hiring-challenge/app/database/products.go:53.16,54.36 1 0
github.com/mytheresa/go-hiring-challenge/app/database/products.go:54.36,57.4 2 0
github.com/mytheresa/go-hiring-challenge/app/database/products.go:58.3,59.18 2 0
github.com/mytheresa/go-hiring-challenge/app/database/products.go:62.2,62.34 1 0
github.com/mytheresa/go-hiring-challenge/app/database/products.go:62.34,63.90 1 0
github.com/mytheresa/go-hiring-challenge/app/database/products.go:63.90,65.4 1 0
github.com/mytheresa/go-hiring-challenge/app/database/products.go:68.2,68.22 1 0
github.com/mytheresa/go-hiring-challenge/app/database/products.go:71.77,74.44 2 0
github.com/mytheresa/go-hiring-challenge/app/database/products.go:74.44,77.3 1 0
github.com/mytheresa/go-hiring-challenge/app/database/products.go:79.2,79.46 1 0
github.com/mytheresa/go-hiring-challenge/app/database/products.go:79.46,81.3 1 0
github.com/mytheresa/go-hiring-challenge/app/database/products.go:83.2,83.14 1 0
github.com/mytheresa/go-hiring-challenge/cmd/seed/main.go:16.13,18.46 1 0
github.com/mytheresa/go-hiring-challenge/cmd/seed/main.go:18.46,20.3 1 0
github.com/mytheresa/go-hiring-challenge/cmd/seed/main.go:23.2,24.34 2 0
github.com/mytheresa/go-hiring-challenge/cmd/seed/main.go:25.13,26.31 1 0
github.com/mytheresa/go-hiring-challenge/cmd/seed/main.go:27.10,28.30 1 0
github.com/mytheresa/go-hiring-challenge/cmd/seed/main.go:31.2,48.16 8 0
github.com/mytheresa/go-hiring-challenge/cmd/seed/main.go:48.16,50.3 1 0
github.com/mytheresa/go-hiring-challenge/cmd/seed/main.go:53.2,54.29 2 0
github.com/mytheresa/go-hiring-challenge/cmd/seed/main.go:54.29,55.62 1 0
github.com/mytheresa/go-hiring-challenge/cmd/seed/main.go:55.62,57.4 1 0
github.com/mytheresa/go-hiring-challenge/cmd/seed/main.go:59.2,59.43 1 0
github.com/mytheresa/go-hiring-challenge/cmd/seed/main.go:59.43,61.3 1 0
github.com/mytheresa/go-hiring-challenge/cmd/seed/main.go:63.2,63.32 1 0
github.com/mytheresa/go-hiring-challenge/cmd/seed/main.go:63.32,67.17 3 0
github.com/mytheresa/go-hiring-challenge/cmd/seed/main.go:67.17,69.4 1 0
github.com/mytheresa/go-hiring-challenge/cmd/seed/main.go:71.3,72.44 2 0
github.com/mytheresa/go-hiring-challenge/cmd/seed/main.go:72.44,75.4 2 0
github.com/mytheresa/go-hiring-challenge/cmd/seed/main.go:77.3,77.55 1 0
github.com/mytheresa/go-hiring-challenge/cmd/server/main.go:24.13,26.46 1 0
github.com/mytheresa/go-hiring-challenge/cmd/server/main.go:26.46,28.3 1 0
github.com/mytheresa/go-hiring-challenge/cmd/server/main.go:31.2,32.34 2 0
github.com/mytheresa/go-hiring-challenge/cmd/server/main.go:33.13,34.31 1 0
github.com/mytheresa/go-hiring-challenge/cmd/server/main.go:35.10,36.30 1 0
github.com/mytheresa/go-hiring-challenge/cmd/server/main.go:39.2,98.12 18 0
github.com/mytheresa/go-hiring-challenge/cmd/server/main.go:98.12,100.77 2 0
github.com/mytheresa/go-hiring-challenge/cmd/server/main.go:100.77,102.4 1 0
github.com/mytheresa/go-hiring-challenge/cmd/server/main.go:103.3,103.43 1 0
github.com/mytheresa/go-hiring-challenge/cmd/server/main.go:106.2,112.27 5 0
